#-----------------------------------------------------------
# Vivado v2022.1 (64-bit)
# SW Build 3526262 on Mon Apr 18 15:47:01 MDT 2022
# IP Build 3524634 on Mon Apr 18 20:55:01 MDT 2022
# Start of session at: Thu Nov  9 06:52:25 2023
# Process ID: 28440
# Current directory: /home/ubuntu/123123/lab-caravel_fir/project_1
# Command line: vivado
# Log file: /home/ubuntu/123123/lab-caravel_fir/project_1/vivado.log
# Journal file: /home/ubuntu/123123/lab-caravel_fir/project_1/vivado.jou
# Running On: ubuntu2004, OS: Linux, CPU Frequency: 2295.688 MHz, CPU Physical cores: 2, Host memory: 10425 MB
#-----------------------------------------------------------
start_gui
open_project /home/ubuntu/123123/lab-caravel_fir/project_1/project_1.xpr
update_compile_order -fileset sources_1
reset_run synth_1
launch_runs synth_1 -jobs 2
wait_on_run synth_1
open_run synth_1 -name synth_1
report_timing_summary -delay_type min_max -report_unconstrained -check_timing_verbose -max_paths 10 -input_pins -routable_nets -name timing_1 -file /home/ubuntu/123123/lab-caravel_fir/project_1/timing_report.txt
